// Jest Snapshot v1, https://goo.gl/fbAQLP

exports[`Rendering the AddOrg Page renders correctly 1`] = `
{
  "asFragment": [Function],
  "baseElement": <body>
    <div>
      <div
        class="w-full h-full flex justify-center items-center px-4"
      >
        <div
          class="flex flex-col w-2/3 justify-center items-center gap-2"
        >
          <div
            class="flex flex-col justify-center items-center my-6 md:my-8 lg:my-10"
            id="content-header"
          >
            <div
              class="font-semibold text-2xl md:text-3xl lg:text-4xl text-black"
              id="content-title"
            >
              Set up your organization
            </div>
            <div
              class="text-md md:text-lg lg:text-xl text-secondary"
              id="content-subtitle"
            >
              Tell us about your organization
            </div>
          </div>
          <div
            class="flex flex-col w-full justify-center items-start gap-6"
            id="create-org-form"
          >
            <div
              class="flex-col justify-start items-start w-full"
              id="org-name-container"
            >
              <div
                class="text-start text-black text-xl font-normal pb-2"
                data-testid="org-name header"
                id="org-name-header"
              />
              <input
                class="text-black input outline outline-gray-300 text-xl font-normal bg-transparent w-full px-3 py-2.5 rounded-md justify-start items-center inline-flex focus:outline-darkPurple"
                data-testid="org-name textbox"
                id="org-name-textbox"
                placeholder="Organization Name"
                type="text"
              />
            </div>
            <button
              class="btn btn-md capitalize font-normal text-white text-sm md:text-base btn-secondary w-full rounded-xl"
              data-testid="create-org-button"
              id="create-org-button"
            >
              Next
            </button>
          </div>
          <a
            class="mx-4 md:mx-8 lg:mx-0"
            href="/dashboard"
          >
            <div
              class="flex justify-center items-center"
            >
              <div
                class="text-secondary hover:text-black transition ease-in-out text-center"
              >
                I change my mind, back to Dashboard
              </div>
            </div>
          </a>
        </div>
      </div>
    </div>
  </body>,
  "container": <div>
    <div
      class="w-full h-full flex justify-center items-center px-4"
    >
      <div
        class="flex flex-col w-2/3 justify-center items-center gap-2"
      >
        <div
          class="flex flex-col justify-center items-center my-6 md:my-8 lg:my-10"
          id="content-header"
        >
          <div
            class="font-semibold text-2xl md:text-3xl lg:text-4xl text-black"
            id="content-title"
          >
            Set up your organization
          </div>
          <div
            class="text-md md:text-lg lg:text-xl text-secondary"
            id="content-subtitle"
          >
            Tell us about your organization
          </div>
        </div>
        <div
          class="flex flex-col w-full justify-center items-start gap-6"
          id="create-org-form"
        >
          <div
            class="flex-col justify-start items-start w-full"
            id="org-name-container"
          >
            <div
              class="text-start text-black text-xl font-normal pb-2"
              data-testid="org-name header"
              id="org-name-header"
            />
            <input
              class="text-black input outline outline-gray-300 text-xl font-normal bg-transparent w-full px-3 py-2.5 rounded-md justify-start items-center inline-flex focus:outline-darkPurple"
              data-testid="org-name textbox"
              id="org-name-textbox"
              placeholder="Organization Name"
              type="text"
            />
          </div>
          <button
            class="btn btn-md capitalize font-normal text-white text-sm md:text-base btn-secondary w-full rounded-xl"
            data-testid="create-org-button"
            id="create-org-button"
          >
            Next
          </button>
        </div>
        <a
          class="mx-4 md:mx-8 lg:mx-0"
          href="/dashboard"
        >
          <div
            class="flex justify-center items-center"
          >
            <div
              class="text-secondary hover:text-black transition ease-in-out text-center"
            >
              I change my mind, back to Dashboard
            </div>
          </div>
        </a>
      </div>
    </div>
  </div>,
  "debug": [Function],
  "findAllByAltText": [Function],
  "findAllByDisplayValue": [Function],
  "findAllByLabelText": [Function],
  "findAllByPlaceholderText": [Function],
  "findAllByRole": [Function],
  "findAllByTestId": [Function],
  "findAllByText": [Function],
  "findAllByTitle": [Function],
  "findByAltText": [Function],
  "findByDisplayValue": [Function],
  "findByLabelText": [Function],
  "findByPlaceholderText": [Function],
  "findByRole": [Function],
  "findByTestId": [Function],
  "findByText": [Function],
  "findByTitle": [Function],
  "getAllByAltText": [Function],
  "getAllByDisplayValue": [Function],
  "getAllByLabelText": [Function],
  "getAllByPlaceholderText": [Function],
  "getAllByRole": [Function],
  "getAllByTestId": [Function],
  "getAllByText": [Function],
  "getAllByTitle": [Function],
  "getByAltText": [Function],
  "getByDisplayValue": [Function],
  "getByLabelText": [Function],
  "getByPlaceholderText": [Function],
  "getByRole": [Function],
  "getByTestId": [Function],
  "getByText": [Function],
  "getByTitle": [Function],
  "queryAllByAltText": [Function],
  "queryAllByDisplayValue": [Function],
  "queryAllByLabelText": [Function],
  "queryAllByPlaceholderText": [Function],
  "queryAllByRole": [Function],
  "queryAllByTestId": [Function],
  "queryAllByText": [Function],
  "queryAllByTitle": [Function],
  "queryByAltText": [Function],
  "queryByDisplayValue": [Function],
  "queryByLabelText": [Function],
  "queryByPlaceholderText": [Function],
  "queryByRole": [Function],
  "queryByTestId": [Function],
  "queryByText": [Function],
  "queryByTitle": [Function],
  "rerender": [Function],
  "unmount": [Function],
}
`;
